2026-09-01 14:11:09 - cnc_editor - INFO - ============================================================
2026-09-01 14:11:09 - cnc_editor - INFO - Запуск приложения: 2026-09-01T14:11:09.422813
2026-09-01 14:11:09 - cnc_editor - INFO - Лог файл: C:\Базис\Lithium Panel Editor_1.0\Lithium-Panel-Editor-3.0\logs\cnc_editor.log
2026-09-01 14:11:09 - cnc_editor - INFO - Уровень логирования: INFO
2026-09-01 14:11:09 - cnc_editor - INFO - Ротация логов: 5242880 байт, 3 резервных файлов
2026-09-01 14:11:09 - cnc_editor - INFO - ============================================================
2026-09-01 14:11:09 - cnc_editor - INFO - Запуск Editor
2026-09-01 14:11:13 - cnc_editor - INFO - Окно приложения показано
2026-09-01 14:13:08 - cnc_editor - INFO - Приложение завершено с кодом: 0
2026-09-01 14:16:07 - cnc_editor - INFO - ============================================================
2026-09-01 14:16:07 - cnc_editor - INFO - Запуск приложения: 2026-09-01T14:16:07.074966
2026-09-01 14:16:07 - cnc_editor - INFO - Лог файл: C:\Базис\Lithium Panel Editor_1.0\Lithium-Panel-Editor-3.0\logs\cnc_editor.log
2026-09-01 14:16:07 - cnc_editor - INFO - Уровень логирования: INFO
2026-09-01 14:16:07 - cnc_editor - INFO - Ротация логов: 5242880 байт, 3 резервных файлов
2026-09-01 14:16:07 - cnc_editor - INFO - ============================================================
2026-09-01 14:16:07 - cnc_editor - INFO - Запуск Editor
2026-09-01 14:16:07 - cnc_editor - INFO - Окно приложения показано
2026-09-01 14:16:33 - cnc_editor - INFO - Приложение завершено с кодом: 0
2026-09-01 15:29:08 - cnc_editor - INFO - ============================================================
2026-09-01 15:29:08 - cnc_editor - INFO - Запуск приложения: 2026-09-01T15:29:08.628410
2026-09-01 15:29:08 - cnc_editor - INFO - Лог файл: C:\Базис\Lithium Panel Editor_1.0\Lithium-Panel-Editor-3.0\logs\cnc_editor.log
2026-09-01 15:29:08 - cnc_editor - INFO - Уровень логирования: INFO
2026-09-01 15:29:08 - cnc_editor - INFO - Ротация логов: 5242880 байт, 3 резервных файлов
2026-09-01 15:29:08 - cnc_editor - INFO - ============================================================
2026-09-01 15:29:08 - cnc_editor - INFO - Запуск Editor
2026-09-01 15:29:09 - cnc_editor - INFO - Окно приложения показано
2026-09-01 15:35:29 - cnc_editor - INFO - Приложение завершено с кодом: 0
2026-09-01 15:37:16 - cnc_editor - INFO - ============================================================
2026-09-01 15:37:16 - cnc_editor - INFO - Запуск приложения: 2026-09-01T15:37:16.684628
2026-09-01 15:37:16 - cnc_editor - INFO - Лог файл: C:\Базис\Lithium Panel Editor_1.0\Lithium-Panel-Editor-3.0\logs\cnc_editor.log
2026-09-01 15:37:16 - cnc_editor - INFO - Уровень логирования: INFO
2026-09-01 15:37:16 - cnc_editor - INFO - Ротация логов: 5242880 байт, 3 резервных файлов
2026-09-01 15:37:16 - cnc_editor - INFO - ============================================================
2026-09-01 15:37:16 - cnc_editor - INFO - Запуск Editor
2026-09-01 15:37:17 - cnc_editor - INFO - Окно приложения показано
2026-09-01 15:51:30 - cnc_editor - INFO - Приложение завершено с кодом: 0
2026-09-01 16:11:37 - cnc_editor - INFO - ============================================================
2026-09-01 16:11:37 - cnc_editor - INFO - Запуск приложения: 2026-09-01T16:11:37.497050
2026-09-01 16:11:37 - cnc_editor - INFO - Лог файл: C:\Базис\Lithium Panel Editor_1.0\Lithium-Panel-Editor-3.0\logs\cnc_editor.log
2026-09-01 16:11:37 - cnc_editor - INFO - Уровень логирования: INFO
2026-09-01 16:11:37 - cnc_editor - INFO - Ротация логов: 5242880 байт, 3 резервных файлов
2026-09-01 16:11:37 - cnc_editor - INFO - ============================================================
2026-09-01 16:11:37 - cnc_editor - INFO - Запуск Editor
2026-09-01 16:11:38 - cnc_editor - INFO - Окно приложения показано
2026-09-01 16:15:06 - cnc_editor - INFO - Приложение завершено с кодом: 0
